// Jest Snapshot v1, https://goo.gl/fbAQLP

exports[`<GifItem /> tests should match with snapshot 1`] = `
<div>
  <div
    class="card"
  >
    <img
      alt="Testing title for GifItem"
      src="https://testingsrc.com/"
    />
    <p>
      Testing title for GifItem
    </p>
  </div>
</div>
`;
